Running Gradle task 'assembleDebug'...                             40,2s
√ Built build\app\outputs\flutter-apk\app-debug.apk
